[Licensing::Module] Trying to connect to existing licensing client channel...
Built from '6000.4/staging' branch; Version is '6000.4.6f1 (0b051c2e5d54) revision 722204'; Using compiler version '194234433'; Build Type 'Release'
OS: 'Windows 11  (10.0.26200) CoreSingleLanguage' Language: 'en' Physical Memory: 15599 MB
BatchMode: 1, IsHumanControllingUs: 0, StartBugReporterOnCrash: 0, Is64bit: 1
System  architecture: x64
Process architecture: x64
Date: 2026-10-07T11:55:11Z
[Licensing::IpcConnector] Successfully connected to: "LicenseClient-jeremiah contreras" at "2026-10-07T11:55:11.668345Z"

COMMAND LINE ARGUMENTS:
C:\Program Files\Unity\Hub\Editor\6000.4.6f1\Editor\Unity.exe
-adb2
-batchMode
-noUpm
-name
AssetImportWorker2
-projectPath
C:/Users/jeremiah contreras/OneDrive/Documents/GitHub/emc202_2627_FIRST_SEM/Juan Hero
-logFile
Logs/AssetImportWorker2.log
-srvPort
59732
-licensingIpc
LicenseClient-jeremiah contreras
-force-d3d12
-job-worker-count
5
-background-job-worker-count
8
-gc-helper-count
1
-name
AssetImport
Successfully changed project path to: C:/Users/jeremiah contreras/OneDrive/Documents/GitHub/emc202_2627_FIRST_SEM/Juan Hero
C:/Users/jeremiah contreras/OneDrive/Documents/GitHub/emc202_2627_FIRST_SEM/Juan Hero
[UnityMemory] Configuration Parameters - Can be set up in boot.config
    "memorysetup-temp-allocator-size-gi-baking-worker=262144"
    "memorysetup-temp-allocator-size-gi-baking-worker=262144"
    "memorysetup-temp-allocator-size-gi-baking-worker=262144"
    "memorysetup-temp-allocator-size-gi-baking-worker=262144"
    "memorysetup-temp-allocator-size-gi-baking-worker=262144"
    "memorysetup-temp-allocator-size-nav-mesh-worker=65536"
    "memorysetup-temp-allocator-size-audio-worker=65536"
    "memorysetup-temp-allocator-size-cloud-worker=32768"
    "memorysetup-temp-allocator-size-gfx=262144"
    "memorysetup-temp-allocator-size-preload-manager=33554432"
    "memorysetup-temp-allocator-size-job-worker=262144"
    "memorysetup-temp-allocator-size-background-worker=32768"
    "memorysetup-allocator-temp-initial-block-size-main=262144"
    "memorysetup-allocator-temp-initial-block-size-worker=262144"
    "memorysetup-bucket-allocator-granularity=16"
    "memorysetup-bucket-allocator-bucket-count=8"
    "memorysetup-bucket-allocator-block-size=33554432"
    "memorysetup-bucket-allocator-block-count=8"
    "memorysetup-main-allocator-block-size=16777216"
    "memorysetup-thread-allocator-block-size=16777216"
    "memorysetup-gfx-main-allocator-block-size=16777216"
    "memorysetup-gfx-thread-allocator-block-size=16777216"
    "memorysetup-cache-allocator-block-size=4194304"
    "memorysetup-typetree-allocator-block-size=2097152"
    "memorysetup-profiler-bucket-allocator-granularity=16"
    "memorysetup-profiler-bucket-allocator-bucket-count=8"
    "memorysetup-profiler-bucket-allocator-block-size=33554432"
    "memorysetup-profiler-bucket-allocator-block-count=8"
    "memorysetup-profiler-allocator-block-size=16777216"
    "memorysetup-profiler-editor-allocator-block-size=1048576"
    "memorysetup-temp-allocator-size-main=16777216"
    "memorysetup-job-temp-allocator-block-size=2097152"
    "memorysetup-job-temp-allocator-block-size-background=1048576"
    "memorysetup-job-temp-allocator-reduction-small-platforms=262144"
Player connection [27800]  Target information:

Player connection [27800]  * "[IP] 192.168.1.4 [Port] 0 [Flags] 2 [Guid] 296246815 [EditorId] 296246815 [Version] 1048832 [Id] WindowsEditor(7,LAPTOP-DGRKDQOA) [Debug] 1 [PackageName] WindowsEditor [ProjectName] Editor" 

Player connection [27800] Host joined multi-casting on [225.0.0.222:54997]...
Player connection [27800] Host joined alternative multi-casting on [225.0.0.222:34997]...
JobSystem: Creating JobQueue using job-worker-count value 5
Input System module state changed to: Initialized.
[Physics::Module] Initialized fallback backend.
[Physics::Module] Id: 0xdecafbad
Library Redirect Path: Library/
[Physics::Module] Selected backend.
[Physics::Module] Name: PhysX
[Physics::Module] Id: 0xf2b8ea05
[Physics::Module] SDK Version: 4.1.2
[Physics::Module] Integration Version: 1.0.0
[Physics::Module] Threading Mode: Multi-Threaded
Initialize engine version: 6000.4.6f1 (0b051c2e5d54)
[Subsystems] Discovering subsystems at path C:/Program Files/Unity/Hub/Editor/6000.4.6f1/Editor/Data/Resources/UnitySubsystems
[Subsystems] Discovering subsystems at path C:/Users/jeremiah contreras/OneDrive/Documents/GitHub/emc202_2627_FIRST_SEM/Juan Hero/Assets
Forcing GfxDevice: Direct3D 12
GfxDevice: creating device client; kGfxThreadingModeNonThreaded
d3d12: failed to query info queue interface (0x80004002).
Direct3D:
    Version:         Direct3D 12 [level 12.2]
    Renderer:        NVIDIA GeForce RTX 3050 6GB Laptop GPU (ID=0x25ac)
    Vendor:          NVIDIA
    VRAM:            6001 MB
    App VRAM Budget: 5233 MB
    Driver:          32.0.15.9227
Initialize mono
Mono path[0] = 'C:/Program Files/Unity/Hub/Editor/6000.4.6f1/Editor/Data/Managed'
Mono path[1] = 'C:/Program Files/Unity/Hub/Editor/6000.4.6f1/Editor/Data/MonoBleedingEdge/lib/mono/unityjit-win32'
Mono config path = 'C:/Program Files/Unity/Hub/Editor/6000.4.6f1/Editor/Data/MonoBleedingEdge/etc'
Using monoOptions --debugger-agent=transport=dt_socket,embedding=1,server=y,suspend=n,address=127.0.0.1:56600
CodeReloadManager initialized
Begin MonoManager ReloadAssembly
Registering precompiled unity dll's ...
Register platform support module: C:/Program Files/Unity/Hub/Editor/6000.4.6f1/Editor/Data/PlaybackEngines/WebGLSupport/UnityEditor.WebGL.Extensions.dll
Register platform support module: C:/Program Files/Unity/Hub/Editor/6000.4.6f1/Editor/Data/PlaybackEngines/WindowsStandaloneSupport/UnityEditor.WindowsStandalone.Extensions.dll
[Licensing::Module] Licensing is not yet initialized.
[Licensing::Client] Error: HandshakeResponse reported an error:
	ResponseCode: 505
	ResponseStatus: Unsupported protocol version '1.18.1'.
[Licensing::Module] Error: Failed to handshake to channel: "LicenseClient-jeremiah contreras"
[Licensing::IpcConnector] LicenseClient-jeremiah contreras channel disconnected successfully.
[Licensing::IpcConnector] Successfully connected to: "LicenseClient-jeremiah contreras-6000.4.6" at "2026-10-07T11:55:14.8322197Z"
[Licensing::Client] Code 10 while verifying Licensing Client signature (process Id: 25808, path: "C:/Program Files/Unity/Hub/Editor/6000.4.6f1/Editor/Data/Resources/Licensing/Client/Unity.Licensing.Client.exe")
[Licensing::Module] LicensingClient has failed validation; ignoring
[Licensing::Client] Handshaking with LicensingClient:
  Version:                 1.18.1+9fbee8e
  Session Id:              dbcd8f69e6df49dfb88ba74f8799ff54
  Correlation Id:          5b809681dae13b08b2bca0cdf1d96c8c
  External correlation Id: 5550735857472650722
  Machine Id:              nSJ3GyV4ZQQqs4FqFuEWxRWeICI=
[Licensing::Module] Successfully connected to LicensingClient on channel: "LicenseClient-jeremiah contreras-6000.4.6" (connect: 0.00s, validation: 0.00s, handshake: 0.01s)
[Licensing::IpcConnector] Successfully connected to: "LicenseClient-jeremiah contreras-6000.4.6-notifications" at "2026-10-07T11:55:14.8477872Z"
[Licensing::Module] Licensing Background thread has ended after 3.18s
[Licensing::Module] Licensing is initialized (took 1.71s).
[Licensing::Client] Successfully resolved entitlement details
[Licensing::Module] License group:
  Id: 18968427551114-UnityPersXXXX
  Product: Unity Personal
  Type: Assigned
  Expiration: Unlimited
Register platform support module: C:/Program Files/Unity/Hub/Editor/6000.4.6f1/Editor/Data/PlaybackEngines/AndroidPlayer/UnityEditor.Android.Extensions.dll
Registered in 1.719123 seconds.
Native extension for Android target not found
Native extension for WindowsStandalone target not found
Native extension for WebGL target not found
Package Manager log level set to [2]
[Package Manager] Failed to launch server process. Reason: Unity was launched with the -noUpm command-line argument
[Package Manager] Unable to send message (not connected to server process).
[Package Manager] Cannot connect to Unity Package Manager local server
ScheduleIndexationOnStartup MainProcess:False IndexOnStartup:True
Mono: successfully reloaded assembly
- Finished resetting the current domain, in  0.416 seconds
Domain Reload Profiling: 2640ms
	BeginReloadAssembly (157ms)
	RebuildCommonClasses (43ms)
	RebuildNativeTypeToScriptingClass (27ms)
	initialDomainReloadingComplete (1785ms)
	LoadAllAssembliesAndSetupDomain (211ms)
		LoadAssemblies (152ms)
		AnalyzeDomain (202ms)
			TypeCache.Refresh (199ms)
				TypeCache.ScanAssembly (183ms)
	FinalizeReload (418ms)
		SetupLoadedEditorAssemblies (0ms)
			InitializePlatformSupportModulesInManaged (57ms)
			BeforeProcessingInitializeOnLoad (87ms)
			ProcessInitializeOnLoadAttributes (108ms)
			ProcessInitializeOnLoadMethodAttributes (105ms)
========================================================================
Worker process is ready to serve import requests
Import Worker Mode flag is 0x00
Begin MonoManager ReloadAssembly
[Licensing::Client] Successfully resolved entitlement details
Assembly Assembly-CSharp-Editor-firstpass.dll at Library/ScriptAssemblies/Assembly-CSharp-Editor-firstpass.dll not valid. Loading of assembly skipped.
Assembly Assembly-CSharp-Editor.dll at Library/ScriptAssemblies/Assembly-CSharp-Editor.dll not valid. Loading of assembly skipped.
Assembly Assembly-CSharp-firstpass.dll at Library/ScriptAssemblies/Assembly-CSharp-firstpass.dll not valid. Loading of assembly skipped.
Assembly Unity.2D.Sprite.Package.EditorTests.dll at Library/ScriptAssemblies/Unity.2D.Sprite.Package.EditorTests.dll not valid. Loading of assembly skipped.
Assembly Unity.Multiplayer.Center.Editor.Tests.dll at Library/ScriptAssemblies/Unity.Multiplayer.Center.Editor.Tests.dll not valid. Loading of assembly skipped.
Assembly Unity.Multiplayer.Center.Tests.dll at Library/ScriptAssemblies/Unity.Multiplayer.Center.Tests.dll not valid. Loading of assembly skipped.
Native extension for Android target not found
Native extension for WindowsStandalone target not found
Native extension for WebGL target not found
[Package Manager] Failed to launch server process. Reason: Unity was launched with the -noUpm command-line argument
[Package Manager] Unable to send message (not connected to server process).
[Package Manager] Cannot connect to Unity Package Manager local server
ScheduleIndexationOnStartup MainProcess:False IndexOnStartup:True
Mono: successfully reloaded assembly
- Finished resetting the current domain, in  0.345 seconds
Domain Reload Profiling: 631ms
	BeginReloadAssembly (162ms)
		DisableScriptedObjects (5ms)
		CreateAndSetChildDomain (31ms)
	RebuildCommonClasses (36ms)
	RebuildNativeTypeToScriptingClass (12ms)
	initialDomainReloadingComplete (45ms)
	LoadAllAssembliesAndSetupDomain (30ms)
		LoadAssemblies (91ms)
		AnalyzeDomain (16ms)
			TypeCache.Refresh (13ms)
				TypeCache.ScanAssembly (8ms)
	FinalizeReload (347ms)
		SetupLoadedEditorAssemblies (0ms)
			InitializePlatformSupportModulesInManaged (9ms)
			BeforeProcessingInitializeOnLoad (96ms)
			ProcessInitializeOnLoadAttributes (88ms)
			ProcessInitializeOnLoadMethodAttributes (39ms)
			AfterProcessingInitializeOnLoad (5ms)
		AwakeInstancesAfterBackupRestoration (8ms)
Launched and connected shader compiler UnityShaderCompiler.exe after 0.03 seconds
Unloading 0 Unused Serialized files (Serialized files now loaded: 0)
Unloading 120 unused Assets / (32.0 KB). Loaded Objects now: 721.
Memory consumption went from 67.0 MB to 67.0 MB.
Total: 3.250000 ms (FindLiveObjects: 0.061200 ms CreateObjectMapping: 0.008200 ms MarkObjects: 3.039200 ms  DeleteObjects: 0.138400 ms)

========================================================================
Received Import Request.
  Time since last request: 641863.555032 seconds.
  path: Assets/Walking Animation Frames right for juan_files/7d259032-f397-4a9e-b2b9-c45f33c92941.png
  importAddress: Guid(6526dab0fe071e849badc2b32889e78e) Importer(815301076,1909f56bfc062723c751e8b465ee728b)
Start importing Assets/Walking Animation Frames right for juan_files/7d259032-f397-4a9e-b2b9-c45f33c92941.png using Guid(6526dab0fe071e849badc2b32889e78e) Importer(815301076,1909f56bfc062723c751e8b465ee728b) (PreviewImporter) -> (Import Result ID: '95280fb89c376d3bddc2b30538deccbe') in 0.0908224 seconds [static and dynamic dependencies]. Details - ImportResultOutputID=f9f809fead60d400804504c32528e2c0 DependenciesID=fc6c892131075a35955a6bf2e16223dc StaticDependenciesID=3ce86b138895940c49cd228e77c24a9a 
Number of updated asset objects reloaded before import = 0Number of asset objects unloaded after import = 2

========================================================================
Received Import Request.
  Time since last request: 7.366694 seconds.
  path: Assets/Walking Animation Frames right for juan_files/ansi-1f6vhsjh.css
  importAddress: Guid(a1c27c1a0cb442643ba7e6b4957bc1f9) Importer(815301076,1909f56bfc062723c751e8b465ee728b)
Start importing Assets/Walking Animation Frames right for juan_files/ansi-1f6vhsjh.css using Guid(a1c27c1a0cb442643ba7e6b4957bc1f9) Importer(815301076,1909f56bfc062723c751e8b465ee728b) (PreviewImporter) -> (Import Result ID: 'b7b4e391d222d3f92edd9776fc6f3380') in 0.0016524 seconds [static and dynamic dependencies]. Details - ImportResultOutputID=e69c1286480e444d643eed050a93c35f DependenciesID=337d547377bb8a7011e25f4c617d5daf StaticDependenciesID=e587da6cbb26f15c35c95d40c193be43 
Number of updated asset objects reloaded before import = 0Number of asset objects unloaded after import = 1

========================================================================
Received Import Request.
  Time since last request: 7.286091 seconds.
  path: Assets/Walking Animation right for juan_files/7d259032-f397-4a9e-b2b9-c45f33c92941.png
  importAddress: Guid(ba906241cd5faaf488fc220762b496d1) Importer(815301076,1909f56bfc062723c751e8b465ee728b)
Start importing Assets/Walking Animation right for juan_files/7d259032-f397-4a9e-b2b9-c45f33c92941.png using Guid(ba906241cd5faaf488fc220762b496d1) Importer(815301076,1909f56bfc062723c751e8b465ee728b) (PreviewImporter) -> (Import Result ID: '5f5d2157ff6229a3668220ac329454a3') in 0.0222148 seconds [static and dynamic dependencies]. Details - ImportResultOutputID=bc85715243096765e2ae67809e8a12bd DependenciesID=3f0f958621cf45a87128440c094fe3cc StaticDependenciesID=e5ddf64f1d3661d7f63dc4444244edbc 
Number of updated asset objects reloaded before import = 0Number of asset objects unloaded after import = 2

========================================================================
Received Import Request.
  Time since last request: 1.778267 seconds.
  path: Assets/Walking Animation right for juan_files/app-block-trigger-actions-hxl87txx.css
  importAddress: Guid(dda9369f5ec24da4aa099836fd837c03) Importer(815301076,1909f56bfc062723c751e8b465ee728b)
Start importing Assets/Walking Animation right for juan_files/app-block-trigger-actions-hxl87txx.css using Guid(dda9369f5ec24da4aa099836fd837c03) Importer(815301076,1909f56bfc062723c751e8b465ee728b) (PreviewImporter) -> (Import Result ID: 'aefc987048bd1c492fec14b4edf6184b') in 0.0011508 seconds [static and dynamic dependencies]. Details - ImportResultOutputID=89378c31e247a420dea0e0ba8b3b7ae8 DependenciesID=bcc3fac7915e87ba7dfbbdb7544a4a41 StaticDependenciesID=2c21dbca5cd31ac2c23f400ee52c317f 
Number of updated asset objects reloaded before import = 0Number of asset objects unloaded after import = 1

========================================================================
Received Import Request.
  Time since last request: 0.657974 seconds.
  path: Assets/Walking Animation right for juan_files/artifact-preview-sidebar-k26ypxwb.css
  importAddress: Guid(4ea19ba4c79494f48bae82960cfde6ce) Importer(815301076,1909f56bfc062723c751e8b465ee728b)
Start importing Assets/Walking Animation right for juan_files/artifact-preview-sidebar-k26ypxwb.css using Guid(4ea19ba4c79494f48bae82960cfde6ce) Importer(815301076,1909f56bfc062723c751e8b465ee728b) (PreviewImporter) -> (Import Result ID: '63fdf0547fa948277a037d6e125b6d55') in 0.0010146 seconds [static and dynamic dependencies]. Details - ImportResultOutputID=8e06c1b7ab42793b86590c070099f0d0 DependenciesID=ed17c004d4dc8e2a5b734de71552323c StaticDependenciesID=dc0080935361bf87c635b3bd1cde7dfc 
Number of updated asset objects reloaded before import = 0Number of asset objects unloaded after import = 1

========================================================================
Received Import Request.
  Time since last request: 0.484904 seconds.
  path: Assets/Walking Animation right for juan_files/Badge-igx3ea86.css
  importAddress: Guid(d2d508d24f5c9504d9ab1c2805da2f84) Importer(815301076,1909f56bfc062723c751e8b465ee728b)
Start importing Assets/Walking Animation right for juan_files/Badge-igx3ea86.css using Guid(d2d508d24f5c9504d9ab1c2805da2f84) Importer(815301076,1909f56bfc062723c751e8b465ee728b) (PreviewImporter) -> (Import Result ID: '5af70fda814186b6ecaf48a2b04b95ed') in 0.0010753 seconds [static and dynamic dependencies]. Details - ImportResultOutputID=0bf823d9399a2e38109e004b4c75bb16 DependenciesID=85345aa93fd0d6f41d1df201a7d81e38 StaticDependenciesID=a651e9bba88c5b8f90fb9e5b4e0d93f7 
Number of updated asset objects reloaded before import = 0Number of asset objects unloaded after import = 1

